// Vitest Snapshot v1, https://vitest.dev/guide/snapshot.html

exports[`CardUser > should render the user's name 1`] = `
<DocumentFragment>
  <div
    class="mocked-styled-0 c1eelvmx"
  >
    <div
      class="mocked-styled-1 p1n234za"
    >
      <div
        class="mocked-styled-5 p1bhgu3m"
      >
        <div
          style="background-image: url(https://avatars.githubusercontent.com/u/1?v=4); background-repeat: no-repeat; background-position: center center; background-size: cover; filter: blur(20px); transition: filter 0.5s; width: 100%; height: 100%;"
        >
          <img
            alt=""
            src="https://avatars.githubusercontent.com/u/1?v=4"
            style="display: none;"
          />
        </div>
      </div>
    </div>
    <div
      class="mocked-styled-4 tlp2jul"
    >
      <h2
        class="mocked-styled-2 ngisml4"
      >
        John Doe
      </h2>
      <div
        class="mocked-styled-3 pxniugy"
      >
        <svg
          class="svg svg-followers"
          data-testid="icon-svg"
          style="width: 24px; height: 24px; color: rgb(91, 91, 91);"
          viewBox="0 0 1024 1024"
          xmlns="http://www.w3.org/2000/svg"
        >
          <use
            xlink:href="/assets/sprite.svg#followers"
          />
        </svg>
        <p>
          Seguidores: 100
        </p>
      </div>
      <div
        class="mocked-styled-3 pxniugy"
      >
        <svg
          class="svg svg-followers"
          data-testid="icon-svg"
          style="width: 24px; height: 24px; color: rgb(91, 91, 91);"
          viewBox="0 0 1024 1024"
          xmlns="http://www.w3.org/2000/svg"
        >
          <use
            xlink:href="/assets/sprite.svg#followers"
          />
        </svg>
        <p>
          Seguindo: 200
        </p>
      </div>
      <div
        class="mocked-styled-3 pxniugy"
      >
        <svg
          class="svg svg-email"
          data-testid="icon-svg"
          style="width: 24px; height: 24px; color: rgb(91, 91, 91);"
          viewBox="0 0 1024 1024"
          xmlns="http://www.w3.org/2000/svg"
        >
          <use
            xlink:href="/assets/sprite.svg#email"
          />
        </svg>
        <p>
          jhondoe@email.com
        </p>
      </div>
      <div
        class="mocked-styled-3 pxniugy"
      >
        <p>
          Lorem ipsum dolor sit amet
        </p>
      </div>
      <div
        style="width: 200px; margin-top: 1rem;"
      >
        <a
          class="mocked-styled-6 ltiwt9s"
          href="/user/jhondoe/repos"
          style="margin-bottom: 1rem;"
        >
          <svg
            class="svg svg-arrow-foward"
            data-testid="icon-svg"
            style="width: 24px; height: 24px; color: rgb(177, 174, 174);"
            viewBox="0 0 1024 1024"
            xmlns="http://www.w3.org/2000/svg"
          >
            <use
              xlink:href="/assets/sprite.svg#arrow-foward"
            />
          </svg>
           Reposit√≥rios
        </a>
      </div>
    </div>
  </div>
</DocumentFragment>
`;
