// Vitest Snapshot v1, https://vitest.dev/guide/snapshot.html

exports[`HomePage > should render the user data 1`] = `
<div>
  <div
    class="mocked-styled-0 h16k1m1e"
  >
    <div
      class="mocked-styled-2 cf3va6u"
    >
      <div
        class="mocked-styled-4 i19zws4p"
      >
        <label
          class="mocked-styled-5 l5v2eyb"
          for="Usuário do GitHub"
        >
          Usuário do GitHub
        </label>
        <input
          class="mocked-styled-6 i1hv9n31"
          id="Usuário do GitHub"
          placeholder="Digite o nome do usuário do GitHub, ex: octocat"
        />
      </div>
      <div
        class="mocked-styled-10 c1eelvmx"
      >
        <div
          class="mocked-styled-11 p1n234za"
        >
          <div
            class="mocked-styled-15 p1bhgu3m"
          >
            <div
              style="background-image: url(https://); background-repeat: no-repeat; background-position: center center; background-size: cover; filter: blur(20px); transition: filter 0.5s; width: 100%; height: 100%;"
            >
              <img
                alt=""
                src="https://"
                style="display: none;"
              />
            </div>
          </div>
        </div>
        <div
          class="mocked-styled-14 tlp2jul"
        >
          <h2
            class="mocked-styled-12 ngisml4"
          >
            John Doe
          </h2>
          <div
            class="mocked-styled-13 pxniugy"
          >
            <svg
              class="svg svg-followers"
              data-testid="icon-svg"
              style="width: 24px; height: 24px; color: rgb(91, 91, 91);"
              viewBox="0 0 1024 1024"
              xmlns="http://www.w3.org/2000/svg"
            >
              <use
                xlink:href="/assets/sprite.svg#followers"
              />
            </svg>
            <p>
              Seguidores: 
              10
            </p>
          </div>
          <div
            class="mocked-styled-13 pxniugy"
          >
            <svg
              class="svg svg-followers"
              data-testid="icon-svg"
              style="width: 24px; height: 24px; color: rgb(91, 91, 91);"
              viewBox="0 0 1024 1024"
              xmlns="http://www.w3.org/2000/svg"
            >
              <use
                xlink:href="/assets/sprite.svg#followers"
              />
            </svg>
            <p>
              Seguindo: 
              10
            </p>
          </div>
          <div
            class="mocked-styled-13 pxniugy"
          >
            <svg
              class="svg svg-email"
              data-testid="icon-svg"
              style="width: 24px; height: 24px; color: rgb(91, 91, 91);"
              viewBox="0 0 1024 1024"
              xmlns="http://www.w3.org/2000/svg"
            >
              <use
                xlink:href="/assets/sprite.svg#email"
              />
            </svg>
            <p>
              johndoe@email.com
            </p>
          </div>
          <div
            class="mocked-styled-13 pxniugy"
          >
            <p>
              My bio
            </p>
          </div>
          <div
            style="width: 200px; margin-top: 1rem;"
          >
            <a
              class="mocked-styled-16 ltiwt9s"
              href="/user//repos"
              style="margin-bottom: 1rem;"
            >
              <svg
                class="svg svg-arrow-foward"
                data-testid="icon-svg"
                style="width: 24px; height: 24px; color: rgb(177, 174, 174);"
                viewBox="0 0 1024 1024"
                xmlns="http://www.w3.org/2000/svg"
              >
                <use
                  xlink:href="/assets/sprite.svg#arrow-foward"
                />
              </svg>
               Repositórios
            </a>
          </div>
        </div>
      </div>
    </div>
  </div>
</div>
`;
