// Vitest Snapshot v1, https://vitest.dev/guide/snapshot.html

exports[`LazyBackgroundImg > should render the user's name 1`] = `
<DocumentFragment>
  <div
    style="background-image: url(https://avatars.githubusercontent.com/u/1?v=4); background-repeat: no-repeat; background-position: center center; background-size: cover; filter: blur(20px); transition: filter 0.5s; width: 100%; height: 100%;"
  >
    <img
      alt=""
      src="https://avatars.githubusercontent.com/u/1?v=4"
      style="display: none;"
    />
  </div>
</DocumentFragment>
`;
